assets by status 66.3 MiB [1m[32m[cached][39m[22m 164 assets
Entrypoint [1mmain[39m[22m = [1m[32mreact.bundle.js[39m[22m [1m[32mprimereact.bundle.js[39m[22m [1m[32mvendors.bundle.js[39m[22m [1m[32mmain.bundle.js[39m[22m 153 auxiliary assets
cached modules 31 MiB (javascript) 3.58 MiB (asset) 8.14 KiB (runtime) [1m[32m[cached][39m[22m 742 modules
[1m./node_modules/@fortawesome/react-fontawesome/dist/index.js + 1 modules[39m[22m 141 KiB [1m[33m[code generated][39m[22m

[1m[31mERROR[39m[22m in [1m./node_modules/@fortawesome/react-fontawesome/dist/index.js[39m[22m [1m[32m120:22-29[39m[22m
[1mModule [1m[31mnot found[39m[22m[1m: [1m[31mError[39m[22m[1m: Can't resolve 'process/browser' in 'C:\Users\kalid\Documents\Antigravity\NodeTerm\node_modules\@fortawesome\react-fontawesome\dist'
[1m[32mDid you mean 'browser.js'?[39m[22m[1m
[1m[31mBREAKING CHANGE[39m[22m[1m: The request 'process/browser' [1m[31mfailed[39m[22m[1m to resolve only because it was resolved as fully specified
(probably because the origin is strict EcmaScript Module, e. g. a module with javascript mimetype, a '*.mjs' file, or a '*.js' file where the package.json contains '"type": "module"').
The extension in the request is mandatory for it to be fully specified.
Add the extension to the request.[39m[22m
resolve 'process/browser' in 'C:\Users\kalid\Documents\Antigravity\NodeTerm\node_modules\@fortawesome\react-fontawesome\dist'
  Parsed request is a module
  using description file: C:\Users\kalid\Documents\Antigravity\NodeTerm\node_modules\@fortawesome\react-fontawesome\package.json (relative path: ./dist)
    Field 'browser' doesn't contain a valid alias configuration
    resolve as module
[1m[31m      C:\Users\kalid\Documents\Antigravity\NodeTerm\node_modules\@fortawesome\react-fontawesome\dist\node_modules doesn't exist[39m[22m or is not a directory
[1m[31m      C:\Users\kalid\Documents\Antigravity\NodeTerm\node_modules\@fortawesome\react-fontawesome\node_modules doesn't exist[39m[22m or is not a directory
[1m[31m      C:\Users\kalid\Documents\Antigravity\NodeTerm\node_modules\@fortawesome\node_modules doesn't exist[39m[22m or is not a directory
[1m[31m      C:\Users\kalid\Documents\Antigravity\NodeTerm\node_modules\node_modules doesn't exist[39m[22m or is not a directory
      looking for modules in C:\Users\kalid\Documents\Antigravity\NodeTerm\node_modules
        existing directory C:\Users\kalid\Documents\Antigravity\NodeTerm\node_modules\process
          using description file: C:\Users\kalid\Documents\Antigravity\NodeTerm\node_modules\process\package.json (relative path: .)
            using description file: C:\Users\kalid\Documents\Antigravity\NodeTerm\node_modules\process\package.json (relative path: ./browser)
              Field 'browser' doesn't contain a valid alias configuration
[1m[31m              C:\Users\kalid\Documents\Antigravity\NodeTerm\node_modules\process\browser doesn't exist[39m[22m
[1m[31m      C:\Users\kalid\Documents\Antigravity\node_modules doesn't exist[39m[22m or is not a directory
[1m[31m      C:\Users\kalid\Documents\node_modules doesn't exist[39m[22m or is not a directory
[1m[31m      C:\Users\kalid\node_modules doesn't exist[39m[22m or is not a directory
[1m[31m      C:\Users\node_modules doesn't exist[39m[22m or is not a directory
[1m[31m      C:\node_modules doesn't exist[39m[22m or is not a directory
    aliased with mapping 'process': 'C:\Users\kalid\Documents\Antigravity\NodeTerm\node_modules\process\browser.js' to 'C:\Users\kalid\Documents\Antigravity\NodeTerm\node_modules\process\browser.js/browser'
      using description file: C:\Users\kalid\Documents\Antigravity\NodeTerm\node_modules\@fortawesome\react-fontawesome\package.json (relative path: ./dist)
        Field 'browser' doesn't contain a valid alias configuration
        using description file: C:\Users\kalid\Documents\Antigravity\NodeTerm\node_modules\process\package.json (relative path: ./browser.js/browser)
          no extension
            Field 'browser' doesn't contain a valid alias configuration
[1m[31m            C:\Users\kalid\Documents\Antigravity\NodeTerm\node_modules\process\browser.js\browser doesn't exist[39m[22m
          .js
            Field 'browser' doesn't contain a valid alias configuration
[1m[31m            C:\Users\kalid\Documents\Antigravity\NodeTerm\node_modules\process\browser.js\browser.js doesn't exist[39m[22m
          .jsx
            Field 'browser' doesn't contain a valid alias configuration
[1m[31m            C:\Users\kalid\Documents\Antigravity\NodeTerm\node_modules\process\browser.js\browser.jsx doesn't exist[39m[22m
          as directory
[1m[31m            C:\Users\kalid\Documents\Antigravity\NodeTerm\node_modules\process\browser.js\browser doesn't exist[39m[22m
 @ ./src/components/StatusBar.js
 @ ./src/components/TerminalComponent.js 29:0-36 602:57-66
 @ ./src/components/App.js 52:0-52
 @ ./src/index.js 9:0-35 183:47-50

[1m[31mERROR[39m[22m in [1m./node_modules/@fortawesome/react-fontawesome/dist/index.js + 1 modules[39m[22m
[1mCannot read properties of undefined (reading 'module')
while analyzing module javascript/esm|C:\Users\kalid\Documents\Antigravity\NodeTerm\node_modules\@fortawesome\react-fontawesome\dist\index.js for concatenation[39m[22m
TypeError: Cannot read properties of undefined (reading 'module')
while analyzing module javascript/esm|C:\Users\kalid\Documents\Antigravity\NodeTerm\node_modules\@fortawesome\react-fontawesome\dist\index.js for concatenation
    at ProvidedDependencyTemplate.apply (C:\Users\kalid\Documents\Antigravity\NodeTerm\node_modules\webpack\lib\dependencies\ProvidedDependency.js:132:61)
    at JavascriptGenerator.sourceDependency (C:\Users\kalid\Documents\Antigravity\NodeTerm\node_modules\webpack\lib\javascript\JavascriptGenerator.js:157:12)
    at JavascriptGenerator.sourceModule (C:\Users\kalid\Documents\Antigravity\NodeTerm\node_modules\webpack\lib\javascript\JavascriptGenerator.js:214:9)
    at JavascriptGenerator.generate (C:\Users\kalid\Documents\Antigravity\NodeTerm\node_modules\webpack\lib\javascript\JavascriptGenerator.js:261:8)
    at NormalModule.codeGeneration (C:\Users\kalid\Documents\Antigravity\NodeTerm\node_modules\webpack\lib\NormalModule.js:1544:17)
    at ConcatenatedModule._analyseModule (C:\Users\kalid\Documents\Antigravity\NodeTerm\node_modules\webpack\lib\optimize\ConcatenatedModule.js:2066:29)
    at ConcatenatedModule.codeGeneration (C:\Users\kalid\Documents\Antigravity\NodeTerm\node_modules\webpack\lib\optimize\ConcatenatedModule.js:1295:9)
    at C:\Users\kalid\Documents\Antigravity\NodeTerm\node_modules\webpack\lib\Compilation.js:3754:22
    at C:\Users\kalid\Documents\Antigravity\NodeTerm\node_modules\webpack\lib\Cache.js:92:6
    at C:\Users\kalid\Documents\Antigravity\NodeTerm\node_modules\webpack\lib\Cache.js:46:10

webpack 5.104.1 compiled with [1m[31m2 errors[39m[22m in 1086 ms
